// Jest Snapshot v1, https://goo.gl/fbAQLP

exports[`NewBillJumboButton.tsx Sanity tests should render correctly #sanity 1`] = `
<DocumentFragment>
  <button
    class="bg-primary text-secondary-color align-middle arvo-bold text-center rounded-full max-h-36 text-4xl px-24 py-7"
    data-testid="new-bill-jumbo-button"
    type="button"
  >
    + Nova Conta
  </button>
</DocumentFragment>
`;
